// Jest Snapshot v1, https://goo.gl/fbAQLP

exports[`navbar renders render navbar component correctly 1`] = `ShallowWrapper {}`;
